
> crypto-dashboard@0.1.0 dev
> set TURBOPACK_REMOTE_CACHE=0&& set NEXT_TELEMETRY_DISABLED=1&& set NEXT_DISABLE_CACHE_HANDLER=1&& node --experimental-strip-types server.ts

✓ Running next.config.ts took 87ms
[socket] price stream started, interval 5000ms
> ready on http://localhost:3000 (ws://localhost:3000/api/stream)
> dev HMR websocket forwarded to Next on this server
 GET / 200 in 503ms (next.js: 260ms, application-code: 243ms)
 GET / 200 in 88ms (next.js: 17ms, application-code: 70ms)
 GET /api/market/history?market=crypto&symbol=BTC-USD&timeframe=1h&quoteOnly=1 200 in 622ms (next.js: 81ms, application-code: 541ms)
 GET /api/market/history?market=crypto&symbol=BTC-USD&timeframe=1h 200 in 651ms (next.js: 135ms, application-code: 515ms)
 GET / 200 in 82ms (next.js: 12ms, application-code: 70ms)
 GET /api/market/history?market=crypto&symbol=BTC-USD&timeframe=1h&quoteOnly=1 200 in 293ms (next.js: 5ms, application-code: 288ms)
 GET /api/market/history?market=crypto&symbol=BTC-USD&timeframe=1h 200 in 685ms (next.js: 11ms, application-code: 674ms)
 GET / 200 in 99ms (next.js: 11ms, application-code: 88ms)
 GET /api/market/history?market=crypto&symbol=BTC-USD&timeframe=1h 200 in 250ms (next.js: 6ms, application-code: 244ms)
 POST /api/market/analysis 200 in 143ms (next.js: 94ms, application-code: 49ms)
 GET /api/market/history?market=crypto&symbol=BTC-USD&timeframe=1h&quoteOnly=1 200 in 252ms (next.js: 7ms, application-code: 245ms)
 GET / 200 in 85ms (next.js: 15ms, application-code: 70ms)
 GET /api/market/history?market=crypto&symbol=BTC-USD&timeframe=1h&quoteOnly=1 200 in 378ms (next.js: 20ms, application-code: 357ms)
 GET /api/market/history?market=crypto&symbol=BTC-USD&timeframe=1h 200 in 424ms (next.js: 8ms, application-code: 416ms)
 GET /api/market/history?market=crypto&symbol=BTC-USD&timeframe=1h&quoteOnly=1 200 in 234ms (next.js: 21ms, application-code: 213ms)
 GET /api/market/history?market=crypto&symbol=BTC-USD&timeframe=1h 200 in 253ms (next.js: 5ms, application-code: 247ms)
 GET /api/market/history?market=crypto&symbol=BTC-USD&timeframe=1h&quoteOnly=1 200 in 269ms (next.js: 8ms, application-code: 262ms)
 GET /api/market/history?market=crypto&symbol=BTC-USD&timeframe=1h&quoteOnly=1 200 in 333ms (next.js: 21ms, application-code: 312ms)
 GET /api/market/history?market=crypto&symbol=BTC-USD&timeframe=1h 200 in 459ms (next.js: 7ms, application-code: 452ms)
 GET /api/market/history?market=crypto&symbol=BTC-USD&timeframe=1h 200 in 250ms (next.js: 12ms, application-code: 237ms)
 GET /api/market/history?market=crypto&symbol=BTC-USD&timeframe=1h&quoteOnly=1 200 in 228ms (next.js: 5ms, application-code: 223ms)
 GET /api/market/history?market=crypto&symbol=BTC-USD&timeframe=1h 200 in 329ms (next.js: 19ms, application-code: 311ms)
 POST /api/market/analysis 200 in 18ms (next.js: 5ms, application-code: 13ms)
 GET / 200 in 100ms (next.js: 8ms, application-code: 93ms)
 GET /api/market/history?market=crypto&symbol=BTC-USD&timeframe=1h 200 in 298ms (next.js: 6ms, application-code: 293ms)
 POST /api/market/analysis 200 in 18ms (next.js: 5ms, application-code: 14ms)
 GET /api/market/history?market=crypto&symbol=BTC-USD&timeframe=1h&quoteOnly=1 200 in 274ms (next.js: 5ms, application-code: 269ms)
 GET /api/market/history?market=crypto&symbol=BTC-USD&timeframe=1h&quoteOnly=1 200 in 252ms (next.js: 6ms, application-code: 246ms)
 GET /api/market/history?market=crypto&symbol=BTC-USD&timeframe=1h&quoteOnly=1 200 in 271ms (next.js: 8ms, application-code: 263ms)
 GET /api/market/history?market=crypto&symbol=BTC-USD&timeframe=1h&quoteOnly=1 200 in 306ms (next.js: 6ms, application-code: 300ms)
 GET /api/market/history?market=crypto&symbol=BTC-USD&timeframe=1h 200 in 361ms (next.js: 11ms, application-code: 350ms)
 GET /api/market/history?market=crypto&symbol=BTC-USD&timeframe=1h&quoteOnly=1 200 in 270ms (next.js: 18ms, application-code: 252ms)
 GET /api/market/history?market=crypto&symbol=BTC-USD&timeframe=1h 200 in 295ms (next.js: 5ms, application-code: 290ms)
 GET /api/market/history?market=crypto&symbol=BTC-USD&timeframe=1h&quoteOnly=1 200 in 261ms (next.js: 16ms, application-code: 245ms)
 GET /api/market/history?market=crypto&symbol=BTC-USD&timeframe=1h 200 in 305ms (next.js: 5ms, application-code: 300ms)
 GET /api/market/history?market=crypto&symbol=BTC-USD&timeframe=1h&quoteOnly=1 200 in 253ms (next.js: 5ms, application-code: 248ms)
 GET /api/market/history?market=crypto&symbol=BTC-USD&timeframe=1h&quoteOnly=1 200 in 242ms (next.js: 5ms, application-code: 237ms)
 GET /api/market/history?market=crypto&symbol=BTC-USD&timeframe=1h&quoteOnly=1 200 in 652ms (next.js: 32ms, application-code: 619ms)
 GET /api/market/history?market=crypto&symbol=BTC-USD&timeframe=1h 200 in 622ms (next.js: 6ms, application-code: 616ms)
 GET /api/market/history?market=crypto&symbol=BTC-USD&timeframe=1h 200 in 301ms (next.js: 6ms, application-code: 296ms)
 GET /api/market/history?market=crypto&symbol=BTC-USD&timeframe=1h&quoteOnly=1 200 in 557ms (next.js: 7ms, application-code: 550ms)
 GET /api/market/history?market=crypto&symbol=BTC-USD&timeframe=1h&quoteOnly=1 200 in 263ms (next.js: 21ms, application-code: 242ms)
 GET /api/market/history?market=crypto&symbol=BTC-USD&timeframe=1h 200 in 321ms (next.js: 7ms, application-code: 314ms)
 GET /api/market/history?market=crypto&symbol=BTC-USD&timeframe=1h&quoteOnly=1 200 in 322ms (next.js: 5ms, application-code: 317ms)
 GET /api/market/history?market=crypto&symbol=BTC-USD&timeframe=1h&quoteOnly=1 200 in 242ms (next.js: 4ms, application-code: 237ms)
 GET /api/market/history?market=crypto&symbol=BTC-USD&timeframe=1h&quoteOnly=1 200 in 243ms (next.js: 5ms, application-code: 238ms)
 GET /api/market/history?market=crypto&symbol=BTC-USD&timeframe=1h 200 in 369ms (next.js: 5ms, application-code: 364ms)
 GET /api/market/history?market=crypto&symbol=BTC-USD&timeframe=1h 200 in 302ms (next.js: 5ms, application-code: 297ms)
 GET /api/market/history?market=crypto&symbol=BTC-USD&timeframe=1h&quoteOnly=1 200 in 290ms (next.js: 87ms, application-code: 203ms)
 GET /api/market/history?market=crypto&symbol=BTC-USD&timeframe=1h&quoteOnly=1 200 in 285ms (next.js: 26ms, application-code: 258ms)
 GET /api/market/history?market=crypto&symbol=BTC-USD&timeframe=1h 200 in 311ms (next.js: 10ms, application-code: 301ms)
 GET /api/market/history?market=crypto&symbol=BTC-USD&timeframe=1h&quoteOnly=1 200 in 293ms (next.js: 8ms, application-code: 285ms)
 GET /api/market/history?market=crypto&symbol=BTC-USD&timeframe=1h&quoteOnly=1 200 in 261ms (next.js: 5ms, application-code: 256ms)
 GET /api/market/history?market=crypto&symbol=BTC-USD&timeframe=1h&quoteOnly=1 200 in 283ms (next.js: 7ms, application-code: 276ms)
 GET /api/market/history?market=crypto&symbol=BTC-USD&timeframe=1h 200 in 382ms (next.js: 6ms, application-code: 376ms)
 GET /api/market/history?market=crypto&symbol=BTC-USD&timeframe=1h 200 in 433ms (next.js: 6ms, application-code: 428ms)
 GET /api/market/history?market=crypto&symbol=BTC-USD&timeframe=1h&quoteOnly=1 200 in 249ms (next.js: 5ms, application-code: 244ms)
 GET /api/market/history?market=crypto&symbol=BTC-USD&timeframe=1h 200 in 614ms (next.js: 8ms, application-code: 605ms)
 GET /api/market/history?market=crypto&symbol=BTC-USD&timeframe=1h&quoteOnly=1 200 in 344ms (next.js: 6ms, application-code: 338ms)
 GET /api/market/history?market=crypto&symbol=BTC-USD&timeframe=1h&quoteOnly=1 200 in 261ms (next.js: 4ms, application-code: 257ms)
 GET /api/market/history?market=crypto&symbol=BTC-USD&timeframe=1h&quoteOnly=1 200 in 251ms (next.js: 9ms, application-code: 242ms)
 GET /api/market/history?market=crypto&symbol=BTC-USD&timeframe=1h 200 in 390ms (next.js: 10ms, application-code: 380ms)
 GET /api/market/history?market=crypto&symbol=BTC-USD&timeframe=1h&quoteOnly=1 200 in 238ms (next.js: 5ms, application-code: 233ms)
 GET /api/market/history?market=crypto&symbol=BTC-USD&timeframe=1h 200 in 290ms (next.js: 5ms, application-code: 285ms)
 GET /api/market/history?market=crypto&symbol=BTC-USD&timeframe=1h&quoteOnly=1 200 in 1368ms (next.js: 5ms, application-code: 1364ms)
 GET /api/market/history?market=crypto&symbol=BTC-USD&timeframe=1h 200 in 1858ms (next.js: 11ms, application-code: 1847ms)
 GET / 200 in 116ms (next.js: 11ms, application-code: 105ms)
 GET /api/market/history?market=crypto&symbol=BTC-USD&timeframe=1h 200 in 743ms (next.js: 8ms, application-code: 734ms)
 POST /api/market/analysis 200 in 25ms (next.js: 8ms, application-code: 18ms)
 GET /api/market/history?market=crypto&symbol=BTC-USD&timeframe=1h&quoteOnly=1 200 in 1309ms (next.js: 4ms, application-code: 1305ms)
 GET /api/market/history?market=crypto&symbol=BTC-USD&timeframe=1h&quoteOnly=1 200 in 1317ms (next.js: 9ms, application-code: 1308ms)
 GET /api/market/history?market=crypto&symbol=BTC-USD&timeframe=1h 200 in 1906ms (next.js: 17ms, application-code: 1888ms)
 GET /api/market/history?market=crypto&symbol=BTC-USD&timeframe=1h&quoteOnly=1 200 in 441ms (next.js: 19ms, application-code: 421ms)
 GET /api/market/history?market=crypto&symbol=BTC-USD&timeframe=1h 200 in 468ms (next.js: 7ms, application-code: 461ms)
 GET /api/market/history?market=crypto&symbol=BTC-USD&timeframe=1h&quoteOnly=1 200 in 270ms (next.js: 33ms, application-code: 237ms)
 GET /api/market/history?market=crypto&symbol=BTC-USD&timeframe=1h 200 in 343ms (next.js: 6ms, application-code: 338ms)
 GET /api/market/history?market=crypto&symbol=BTC-USD&timeframe=1h&quoteOnly=1 200 in 262ms (next.js: 8ms, application-code: 254ms)
 GET /api/market/history?market=crypto&symbol=BTC-USD&timeframe=1h&quoteOnly=1 200 in 275ms (next.js: 8ms, application-code: 267ms)
 GET /api/market/history?market=crypto&symbol=BTC-USD&timeframe=1h&quoteOnly=1 200 in 444ms (next.js: 7ms, application-code: 437ms)
 GET /api/market/history?market=crypto&symbol=BTC-USD&timeframe=1h 200 in 519ms (next.js: 17ms, application-code: 502ms)
 GET /api/market/history?market=crypto&symbol=BTC-USD&timeframe=1h 200 in 245ms (next.js: 8ms, application-code: 237ms)
 GET /api/market/history?market=crypto&symbol=BTC-USD&timeframe=1h&quoteOnly=1 200 in 228ms (next.js: 9ms, application-code: 219ms)
 GET /api/market/history?market=crypto&symbol=BTC-USD&timeframe=1h 200 in 308ms (next.js: 12ms, application-code: 296ms)
 GET /api/market/history?market=crypto&symbol=BTC-USD&timeframe=1h&quoteOnly=1 200 in 219ms (next.js: 8ms, application-code: 211ms)
 GET /api/market/history?market=crypto&symbol=BTC-USD&timeframe=1h&quoteOnly=1 200 in 263ms (next.js: 8ms, application-code: 255ms)
 POST /api/market/analysis 200 in 17ms (next.js: 4ms, application-code: 12ms)
 GET /api/market/history?market=stocks&symbol=AAPL&timeframe=1h 200 in 546ms (next.js: 6ms, application-code: 540ms)
 POST /api/market/analysis 200 in 19ms (next.js: 5ms, application-code: 13ms)
 POST /api/market/analysis 200 in 31ms (next.js: 19ms, application-code: 12ms)
 GET /api/market/history?market=forex&symbol=EURUSD%3DX&timeframe=1h 200 in 344ms (next.js: 6ms, application-code: 338ms)
 POST /api/market/analysis 200 in 19ms (next.js: 6ms, application-code: 13ms)
 POST /api/market/analysis 200 in 20ms (next.js: 6ms, application-code: 14ms)
 GET /api/market/history?market=metals&symbol=XAU-USD&timeframe=1h 200 in 388ms (next.js: 23ms, application-code: 365ms)
 POST /api/market/analysis 200 in 18ms (next.js: 6ms, application-code: 12ms)
 GET /api/market/history?market=crypto&symbol=BTC-USD&timeframe=1h&quoteOnly=1 200 in 416ms (next.js: 41ms, application-code: 374ms)
 GET /api/market/history?market=crypto&symbol=BTC-USD&timeframe=1h 200 in 455ms (next.js: 17ms, application-code: 439ms)
 GET /api/market/history?market=metals&symbol=XAU-USD&timeframe=1h&quoteOnly=1 200 in 489ms (next.js: 4ms, application-code: 485ms)
 GET /api/market/history?market=crypto&symbol=BTC-USD&timeframe=1h&quoteOnly=1 200 in 249ms (next.js: 4ms, application-code: 244ms)
 GET /api/market/history?market=crypto&symbol=BTC-USD&timeframe=1h 200 in 304ms (next.js: 4ms, application-code: 300ms)
 GET /api/market/history?market=metals&symbol=XAU-USD&timeframe=1h&quoteOnly=1 200 in 39ms (next.js: 30ms, application-code: 9ms)
 GET /api/market/history?market=metals&symbol=XAU-USD&timeframe=1h 200 in 564ms (next.js: 9ms, application-code: 555ms)
 POST /api/market/analysis 200 in 18ms (next.js: 6ms, application-code: 12ms)
 GET /api/market/history?market=crypto&symbol=BTC-USD&timeframe=1h&quoteOnly=1 200 in 346ms (next.js: 39ms, application-code: 307ms)
 GET /api/market/history?market=crypto&symbol=BTC-USD&timeframe=1h 200 in 418ms (next.js: 18ms, application-code: 400ms)
 GET /api/market/history?market=metals&symbol=XAU-USD&timeframe=1h&quoteOnly=1 200 in 577ms (next.js: 10ms, application-code: 567ms)
 GET /api/market/history?market=crypto&symbol=BTC-USD&timeframe=1h 200 in 315ms (next.js: 5ms, application-code: 310ms)
 GET /api/market/history?market=crypto&symbol=BTC-USD&timeframe=1h&quoteOnly=1 200 in 209ms (next.js: 5ms, application-code: 204ms)
 GET /api/market/history?market=metals&symbol=XAU-USD&timeframe=1h&quoteOnly=1 200 in 33ms (next.js: 24ms, application-code: 9ms)
 GET /api/market/history?market=metals&symbol=XAU-USD&timeframe=1h 200 in 886ms (next.js: 9ms, application-code: 877ms)
 POST /api/market/analysis 200 in 20ms (next.js: 6ms, application-code: 15ms)
 GET /api/market/history?market=crypto&symbol=BTC-USD&timeframe=1h&quoteOnly=1 200 in 423ms (next.js: 23ms, application-code: 399ms)
 GET /api/market/history?market=crypto&symbol=BTC-USD&timeframe=1h 200 in 462ms (next.js: 13ms, application-code: 449ms)
 GET /api/market/history?market=metals&symbol=XAU-USD&timeframe=1h&quoteOnly=1 200 in 733ms (next.js: 5ms, application-code: 727ms)
 GET /api/market/history?market=crypto&symbol=BTC-USD&timeframe=1h 200 in 451ms (next.js: 6ms, application-code: 446ms)
 GET /api/market/history?market=crypto&symbol=BTC-USD&timeframe=1h&quoteOnly=1 200 in 257ms (next.js: 5ms, application-code: 252ms)
 GET /api/market/history?market=metals&symbol=XAU-USD&timeframe=1h&quoteOnly=1 200 in 35ms (next.js: 27ms, application-code: 8ms)
 GET /api/market/history?market=metals&symbol=XAU-USD&timeframe=1h 200 in 731ms (next.js: 9ms, application-code: 722ms)
 POST /api/market/analysis 200 in 21ms (next.js: 7ms, application-code: 14ms)
 GET /api/market/history?market=crypto&symbol=BTC-USD&timeframe=1h&quoteOnly=1 200 in 376ms (next.js: 5ms, application-code: 370ms)
 GET /api/market/history?market=crypto&symbol=BTC-USD&timeframe=1h 200 in 417ms (next.js: 6ms, application-code: 411ms)
 GET /api/market/history?market=metals&symbol=XAU-USD&timeframe=1h&quoteOnly=1 200 in 736ms (next.js: 8ms, application-code: 728ms)
 GET /api/market/history?market=crypto&symbol=BTC-USD&timeframe=1h&quoteOnly=1 200 in 345ms (next.js: 32ms, application-code: 313ms)
 GET /api/market/history?market=crypto&symbol=BTC-USD&timeframe=1h 200 in 384ms (next.js: 17ms, application-code: 366ms)
 GET /api/market/history?market=crypto&symbol=BTC-USD&timeframe=1h&quoteOnly=1 200 in 393ms (next.js: 5ms, application-code: 388ms)
 GET /api/market/history?market=crypto&symbol=BTC-USD&timeframe=1h 200 in 490ms (next.js: 17ms, application-code: 473ms)
 GET /api/market/history?market=crypto&symbol=BTC-USD&timeframe=1h&quoteOnly=1 200 in 1440ms (next.js: 36ms, application-code: 1404ms)
 GET /api/market/history?market=crypto&symbol=BTC-USD&timeframe=1h 200 in 1849ms (next.js: 16ms, application-code: 1833ms)
 GET /api/market/history?market=crypto&symbol=BTC-USD&timeframe=1h&quoteOnly=1 200 in 386ms (next.js: 5ms, application-code: 381ms)
 GET /api/market/history?market=crypto&symbol=BTC-USD&timeframe=1h 200 in 443ms (next.js: 15ms, application-code: 428ms)
 GET /api/market/history?market=crypto&symbol=BTC-USD&timeframe=1h&quoteOnly=1 200 in 262ms (next.js: 24ms, application-code: 238ms)
 GET /api/market/history?market=crypto&symbol=BTC-USD&timeframe=1h 200 in 316ms (next.js: 7ms, application-code: 309ms)
 GET /api/market/history?market=crypto&symbol=BTC-USD&timeframe=1h&quoteOnly=1 200 in 269ms (next.js: 8ms, application-code: 261ms)
 GET /api/market/history?market=crypto&symbol=BTC-USD&timeframe=1h&quoteOnly=1 200 in 405ms (next.js: 35ms, application-code: 370ms)
 GET /api/market/history?market=crypto&symbol=BTC-USD&timeframe=1h 200 in 429ms (next.js: 14ms, application-code: 415ms)
 GET /api/market/history?market=crypto&symbol=BTC-USD&timeframe=1h&quoteOnly=1 200 in 264ms (next.js: 10ms, application-code: 254ms)
 GET /api/market/history?market=crypto&symbol=BTC-USD&timeframe=1h&quoteOnly=1 200 in 1380ms (next.js: 22ms, application-code: 1358ms)
 GET /api/market/history?market=crypto&symbol=BTC-USD&timeframe=1h 200 in 1831ms (next.js: 10ms, application-code: 1821ms)
